#-----------------------------------------------------------
# Vivado v2024.1 (64-bit)
# SW Build 5076996 on Wed May 22 18:37:14 MDT 2024
# IP Build 5075265 on Wed May 22 21:45:21 MDT 2024
# SharedData Build 5076995 on Wed May 22 18:29:18 MDT 2024
# Start of session at: Tue Nov 19 20:36:22 2024
# Process ID: 12408
# Current directory: C:/Development/SixteenShadesOfCpu/vivado/RegisterFile/RegFile.runs/synth_1
# Command line: vivado.exe -log RegFile.vds -product Vivado -mode batch -messageDb vivado.pb -notrace -source RegFile.tcl
# Log file: C:/Development/SixteenShadesOfCpu/vivado/RegisterFile/RegFile.runs/synth_1/RegFile.vds
# Journal file: C:/Development/SixteenShadesOfCpu/vivado/RegisterFile/RegFile.runs/synth_1\vivado.jou
# Running On        :DESKTOP-E8CIL9E
# Platform          :Windows Server 2016 or Windows 10
# Operating System  :19045
# Processor Detail  :AMD Ryzen 5 5600X 6-Core Processor             
# CPU Frequency     :3693 MHz
# CPU Physical cores:6
# CPU Logical cores :12
# Host memory       :17099 MB
# Swap memory       :10200 MB
# Total Virtual     :27300 MB
# Available Virtual :11360 MB
#-----------------------------------------------------------
source RegFile.tcl -notrace
