#-----------------------------------------------------------
# Vivado v2024.1 (64-bit)
# SW Build 5076996 on Wed May 22 18:37:14 MDT 2024
# IP Build 5075265 on Wed May 22 21:45:21 MDT 2024
# SharedData Build 5076995 on Wed May 22 18:29:18 MDT 2024
# Start of session at: Thu Nov  7 13:50:56 2024
# Process ID: 25752
# Current directory: C:/Development/SixteenShadesOfCpu/vivado/RegisterFile/RegFile.runs/synth_1
# Command line: vivado.exe -log RegFile.vds -product Vivado -mode batch -messageDb vivado.pb -notrace -source RegFile.tcl
# Log file: C:/Development/SixteenShadesOfCpu/vivado/RegisterFile/RegFile.runs/synth_1/RegFile.vds
# Journal file: C:/Development/SixteenShadesOfCpu/vivado/RegisterFile/RegFile.runs/synth_1\vivado.jou
# Running On        :BOOK-69BD3QPCMV
# Platform          :Windows Server 2016 or Windows 10
# Operating System  :22631
# Processor Detail  :Intel(R) Core(TM) Ultra 5 125H
# CPU Frequency     :2995 MHz
# CPU Physical cores:14
# CPU Logical cores :18
# Host memory       :16739 MB
# Swap memory       :5100 MB
# Total Virtual     :21839 MB
# Available Virtual :5960 MB
#-----------------------------------------------------------
source RegFile.tcl -notrace
