#-----------------------------------------------------------
# Vivado v2024.1 (64-bit)
# SW Build 5076996 on Wed May 22 18:37:14 MDT 2024
# IP Build 5075265 on Wed May 22 21:45:21 MDT 2024
# SharedData Build 5076995 on Wed May 22 18:29:18 MDT 2024
# Start of session at: Fri Nov 22 12:52:35 2024
# Process ID: 21804
# Current directory: D:/FPGA_CPU/vivado/VGA_Controller/VGA_Controller.runs/impl_1
# Command line: vivado.exe -log TestBlockDesign_wrapper.vdi -applog -product Vivado -messageDb vivado.pb -mode batch -source TestBlockDesign_wrapper.tcl -notrace
# Log file: D:/FPGA_CPU/vivado/VGA_Controller/VGA_Controller.runs/impl_1/TestBlockDesign_wrapper.vdi
# Journal file: D:/FPGA_CPU/vivado/VGA_Controller/VGA_Controller.runs/impl_1\vivado.jou
# Running On        :8x8-Bit
# Platform          :Windows Server 2016 or Windows 10
# Operating System  :22631
# Processor Detail  :Intel(R) Core(TM) m3-8100Y CPU @ 1.10GHz
# CPU Frequency     :1608 MHz
# CPU Physical cores:2
# CPU Logical cores :4
# Host memory       :8453 MB
# Swap memory       :13739 MB
# Total Virtual     :22193 MB
# Available Virtual :4495 MB
#-----------------------------------------------------------
source TestBlockDesign_wrapper.tcl -notrace
