Copyright 1986-2022 Xilinx, Inc. All Rights Reserved. Copyright 2022-2024 Advanced Micro Devices, Inc. All Rights Reserved.
---------------------------------------------------------------------------------------------------------------------------------------------
| Tool Version : Vivado v.2024.1 (win64) Build 5076996 Wed May 22 18:37:14 MDT 2024
| Date         : Fri Nov 15 23:35:03 2024
| Host         : DESKTOP-7KK7962 running 64-bit major release  (build 9200)
| Command      : report_control_sets -verbose -file main_wrapper_control_sets_placed.rpt
| Design       : main_wrapper
| Device       : xc7a35ti
---------------------------------------------------------------------------------------------------------------------------------------------

Control Set Information

Table of Contents
-----------------
1. Summary
2. Histogram
3. Flip-Flop Distribution
4. Detailed Control Set Information

1. Summary
----------

+----------------------------------------------------------+-------+
|                          Status                          | Count |
+----------------------------------------------------------+-------+
| Total control sets                                       |    21 |
|    Minimum number of control sets                        |    21 |
|    Addition due to synthesis replication                 |     0 |
|    Addition due to physical synthesis replication        |     0 |
| Unused register locations in slices containing registers |    12 |
+----------------------------------------------------------+-------+
* Control sets can be merged at opt_design using control_set_merge or merge_equivalent_drivers
** Run report_qor_suggestions for automated merging and remapping suggestions


2. Histogram
------------

+--------------------+-------+
|       Fanout       | Count |
+--------------------+-------+
| Total control sets |    21 |
| >= 0 to < 4        |     0 |
| >= 4 to < 6        |     0 |
| >= 6 to < 8        |     1 |
| >= 8 to < 10       |     1 |
| >= 10 to < 12      |     1 |
| >= 12 to < 14      |     0 |
| >= 14 to < 16      |     0 |
| >= 16              |    18 |
+--------------------+-------+
* Control sets can be remapped at either synth_design or opt_design


3. Flip-Flop Distribution
-------------------------

+--------------+-----------------------+------------------------+-----------------+--------------+
| Clock Enable | Synchronous Set/Reset | Asynchronous Set/Reset | Total Registers | Total Slices |
+--------------+-----------------------+------------------------+-----------------+--------------+
| No           | No                    | No                     |               5 |            1 |
| No           | No                    | Yes                    |             177 |           60 |
| No           | Yes                   | No                     |               0 |            0 |
| Yes          | No                    | No                     |             246 |          118 |
| Yes          | No                    | Yes                    |              16 |            4 |
| Yes          | Yes                   | No                     |               0 |            0 |
+--------------+-----------------------+------------------------+-----------------+--------------+


4. Detailed Control Set Information
-----------------------------------

+--------------------------+--------------------------------------------------+------------------+------------------+----------------+--------------+
|       Clock Signal       |                   Enable Signal                  | Set/Reset Signal | Slice Load Count | Bel Load Count | Bels / Slice |
+--------------------------+--------------------------------------------------+------------------+------------------+----------------+--------------+
|  InstrExec_CLK_IBUF_BUFG | main_i/Pipelining_WriteBack_0/U0/Is_ALU_OP_out   |                  |                1 |              6 |         6.00 |
|  InstrExec_CLK_IBUF_BUFG |                                                  | Reset_IBUF       |                4 |              9 |         2.25 |
|  InstrExec_CLK_IBUF_BUFG |                                                  |                  |                1 |             10 |        10.00 |
|  InstrExec_CLK_IBUF_BUFG | main_i/RegFile_0/U0/Reg2_2                       |                  |                3 |             16 |         5.33 |
|  InstrExec_CLK_IBUF_BUFG | main_i/RegFile_0/U0/Reg6_6                       |                  |                4 |             16 |         4.00 |
|  InstrExec_CLK_IBUF_BUFG | main_i/RegFile_0/U0/Reg7_7                       |                  |                5 |             16 |         3.20 |
|  InstrExec_CLK_IBUF_BUFG | main_i/RegFile_0/U0/Reg8_8                       |                  |                5 |             16 |         3.20 |
|  InstrExec_CLK_IBUF_BUFG | main_i/RegFile_0/U0/RegA                         |                  |                8 |             16 |         2.00 |
|  InstrExec_CLK_IBUF_BUFG | main_i/RegFile_0/U0/Reg5_5                       |                  |                8 |             16 |         2.00 |
|  InstrExec_CLK_IBUF_BUFG | main_i/RegFile_0/U0/Reg3_3                       |                  |                9 |             16 |         1.78 |
|  InstrExec_CLK_IBUF_BUFG | main_i/RegFile_0/U0/RegB_10                      |                  |                7 |             16 |         2.29 |
|  InstrExec_CLK_IBUF_BUFG | main_i/RegFile_0/U0/Reg4_4                       |                  |                9 |             16 |         1.78 |
|  InstrExec_CLK_IBUF_BUFG | main_i/RegFile_0/U0/Reg9_9                       |                  |                9 |             16 |         1.78 |
|  InstrExec_CLK_IBUF_BUFG | main_i/RegFile_0/U0/RegC_11                      |                  |                7 |             16 |         2.29 |
|  InstrExec_CLK_IBUF_BUFG | main_i/RegFile_0/U0/RegE_13                      |                  |               12 |             16 |         1.33 |
|  InstrExec_CLK_IBUF_BUFG | main_i/RegFile_0/U0/RegD_12                      |                  |               11 |             16 |         1.45 |
|  InstrExec_CLK_IBUF_BUFG | main_i/ProgramCounter_0/U0/InstrAddr[15]_i_1_n_0 | Reset_IBUF       |                4 |             16 |         4.00 |
|  InstrExec_CLK_IBUF_BUFG | main_i/RegFile_0/U0/Reg1_1                       |                  |                9 |             16 |         1.78 |
|  InstrExec_CLK_IBUF_BUFG | main_i/RegFile_0/U0/Reg0_0                       |                  |               11 |             16 |         1.45 |
|  InstrExec_CLK_IBUF_BUFG | main_i/Pipelining_Execution_0/U0/RAM_Write_out   |                  |               16 |             64 |         4.00 |
|  InstrLoad_CLK_IBUF_BUFG |                                                  | Reset_IBUF       |               56 |            168 |         3.00 |
+--------------------------+--------------------------------------------------+------------------+------------------+----------------+--------------+


