#-----------------------------------------------------------
# Vivado v2024.1 (64-bit)
# SW Build 5076996 on Wed May 22 18:37:14 MDT 2024
# IP Build 5075265 on Wed May 22 21:45:21 MDT 2024
# SharedData Build 5076995 on Wed May 22 18:29:18 MDT 2024
# Start of session at: Tue Nov 26 16:55:25 2024
# Process ID: 21256
# Current directory: C:/Development/rebase_2/SixteenShadesOfCpu/vivado/Integration
# Command line: vivado.exe -gui_launcher_event rodinguilauncherevent24552 C:\Development\rebase_2\SixteenShadesOfCpu\vivado\Integration\Integration.xpr
# Log file: C:/Development/rebase_2/SixteenShadesOfCpu/vivado/Integration/vivado.log
# Journal file: C:/Development/rebase_2/SixteenShadesOfCpu/vivado/Integration\vivado.jou
# Running On        :DESKTOP-E8CIL9E
# Platform          :Windows Server 2016 or Windows 10
# Operating System  :19045
# Processor Detail  :AMD Ryzen 5 5600X 6-Core Processor             
# CPU Frequency     :3693 MHz
# CPU Physical cores:6
# CPU Logical cores :12
# Host memory       :17099 MB
# Swap memory       :11274 MB
# Total Virtual     :28373 MB
# Available Virtual :12455 MB
#-----------------------------------------------------------
start_gui
open_project C:/Development/rebase_2/SixteenShadesOfCpu/vivado/Integration/Integration.xpr
report_ip_status -name ip_status 
update_compile_order -fileset sources_1
update_module_reference [get_ips  {main_clockcontroller_0_0 main_RX_UART_0_0 main_Debugger_0_0 main_TX_UART_0_0}]
generate_target all [get_files  C:/Development/rebase_2/SixteenShadesOfCpu/vivado/Integration/Integration.srcs/sources_1/bd/main/main.bd]
export_ip_user_files -of_objects [get_files C:/Development/rebase_2/SixteenShadesOfCpu/vivado/Integration/Integration.srcs/sources_1/bd/main/main.bd] -no_script -sync -force -quiet
export_simulation -of_objects [get_files C:/Development/rebase_2/SixteenShadesOfCpu/vivado/Integration/Integration.srcs/sources_1/bd/main/main.bd] -directory C:/Development/rebase_2/SixteenShadesOfCpu/vivado/Integration/Integration.ip_user_files/sim_scripts -ip_user_files_dir C:/Development/rebase_2/SixteenShadesOfCpu/vivado/Integration/Integration.ip_user_files -ipstatic_source_dir C:/Development/rebase_2/SixteenShadesOfCpu/vivado/Integration/Integration.ip_user_files/ipstatic -lib_map_path [list {modelsim=C:/Development/rebase_2/SixteenShadesOfCpu/vivado/Integration/Integration.cache/compile_simlib/modelsim} {questa=C:/Development/rebase_2/SixteenShadesOfCpu/vivado/Integration/Integration.cache/compile_simlib/questa} {riviera=C:/Development/rebase_2/SixteenShadesOfCpu/vivado/Integration/Integration.cache/compile_simlib/riviera} {activehdl=C:/Development/rebase_2/SixteenShadesOfCpu/vivado/Integration/Integration.cache/compile_simlib/activehdl}] -use_ip_compiled_libs -force -quiet
launch_runs impl_1 -jobs 12
wait_on_run impl_1
close_bd_design [get_bd_designs main]
report_ip_status -name ip_status 
set_property STEPS.WRITE_BITSTREAM.ARGS.BIN_FILE true [get_runs impl_1]
launch_runs impl_1 -to_step write_bitstream -jobs 12
wait_on_run impl_1
open_hw_manager
connect_hw_server -allow_non_jtag
open_hw_target
current_hw_device [get_hw_devices xc7a35t_0]
refresh_hw_device -update_hw_probes false [lindex [get_hw_devices xc7a35t_0] 0]
create_hw_cfgmem -hw_device [lindex [get_hw_devices xc7a35t_0] 0] [lindex [get_cfgmem_parts {s25fl128sxxxxxx0-spi-x1_x2_x4}] 0]
set_property PROGRAM.BLANK_CHECK  0 [ get_property PROGRAM.HW_CFGMEM [lindex [get_hw_devices xc7a35t_0] 0]]
set_property PROGRAM.ERASE  1 [ get_property PROGRAM.HW_CFGMEM [lindex [get_hw_devices xc7a35t_0] 0]]
set_property PROGRAM.CFG_PROGRAM  1 [ get_property PROGRAM.HW_CFGMEM [lindex [get_hw_devices xc7a35t_0] 0]]
set_property PROGRAM.VERIFY  1 [ get_property PROGRAM.HW_CFGMEM [lindex [get_hw_devices xc7a35t_0] 0]]
set_property PROGRAM.CHECKSUM  0 [ get_property PROGRAM.HW_CFGMEM [lindex [get_hw_devices xc7a35t_0] 0]]
refresh_hw_device [lindex [get_hw_devices xc7a35t_0] 0]
set_property PROGRAM.ADDRESS_RANGE  {use_file} [ get_property PROGRAM.HW_CFGMEM [lindex [get_hw_devices xc7a35t_0] 0]]
set_property PROGRAM.FILES [list "C:/Development/rebase_2/SixteenShadesOfCpu/vivado/Integration/Integration.runs/impl_1/main_wrapper.bin" ] [ get_property PROGRAM.HW_CFGMEM [lindex [get_hw_devices xc7a35t_0] 0]]
set_property PROGRAM.PRM_FILE {} [ get_property PROGRAM.HW_CFGMEM [lindex [get_hw_devices xc7a35t_0] 0]]
set_property PROGRAM.UNUSED_PIN_TERMINATION {pull-none} [ get_property PROGRAM.HW_CFGMEM [lindex [get_hw_devices xc7a35t_0] 0]]
set_property PROGRAM.BLANK_CHECK  0 [ get_property PROGRAM.HW_CFGMEM [lindex [get_hw_devices xc7a35t_0] 0]]
set_property PROGRAM.ERASE  1 [ get_property PROGRAM.HW_CFGMEM [lindex [get_hw_devices xc7a35t_0] 0]]
set_property PROGRAM.CFG_PROGRAM  1 [ get_property PROGRAM.HW_CFGMEM [lindex [get_hw_devices xc7a35t_0] 0]]
set_property PROGRAM.VERIFY  1 [ get_property PROGRAM.HW_CFGMEM [lindex [get_hw_devices xc7a35t_0] 0]]
set_property PROGRAM.CHECKSUM  0 [ get_property PROGRAM.HW_CFGMEM [lindex [get_hw_devices xc7a35t_0] 0]]
startgroup 
create_hw_bitstream -hw_device [lindex [get_hw_devices xc7a35t_0] 0] [get_property PROGRAM.HW_CFGMEM_BITFILE [ lindex [get_hw_devices xc7a35t_0] 0]]; program_hw_devices [lindex [get_hw_devices xc7a35t_0] 0]; refresh_hw_device [lindex [get_hw_devices xc7a35t_0] 0];
program_hw_cfgmem -hw_cfgmem [ get_property PROGRAM.HW_CFGMEM [lindex [get_hw_devices xc7a35t_0] 0]]
endgroup
close_hw_manager
set_property SOURCE_SET sources_1 [get_filesets debugger]
close [ open C:/Development/rebase_2/SixteenShadesOfCpu/vivado/Integration/Integration.srcs/debugger/new/CPUSim.vhd w ]
add_files -fileset debugger C:/Development/rebase_2/SixteenShadesOfCpu/vivado/Integration/Integration.srcs/debugger/new/CPUSim.vhd
update_compile_order -fileset debugger
update_compile_order -fileset debugger
update_compile_order -fileset debugger
open_bd_design {C:/Development/rebase_2/SixteenShadesOfCpu/vivado/Integration/Integration.srcs/sources_1/bd/main/main.bd}
delete_bd_objs [get_bd_nets Pipelining_Forwarder_0_ForwardedMA]
delete_bd_objs [get_bd_nets RegFile_0_RegMA_data]
# Disabling source management mode.  This is to allow the top design properties to be set without GUI intervention.
set_property source_mgmt_mode None [current_project]
set_property top CPUSim [get_filesets debugger]
set_property top_lib xil_defaultlib [get_filesets debugger]
# Re-enabling previously disabled source management mode.
set_property source_mgmt_mode All [current_project]
update_compile_order -fileset debugger
save_bd_design
generate_target Simulation [get_files C:/Development/rebase_2/SixteenShadesOfCpu/vivado/Integration/Integration.srcs/sources_1/bd/main/main.bd]
export_ip_user_files -of_objects [get_files C:/Development/rebase_2/SixteenShadesOfCpu/vivado/Integration/Integration.srcs/sources_1/bd/main/main.bd] -no_script -sync -force -quiet
export_simulation -of_objects [get_files C:/Development/rebase_2/SixteenShadesOfCpu/vivado/Integration/Integration.srcs/sources_1/bd/main/main.bd] -directory C:/Development/rebase_2/SixteenShadesOfCpu/vivado/Integration/Integration.ip_user_files/sim_scripts -ip_user_files_dir C:/Development/rebase_2/SixteenShadesOfCpu/vivado/Integration/Integration.ip_user_files -ipstatic_source_dir C:/Development/rebase_2/SixteenShadesOfCpu/vivado/Integration/Integration.ip_user_files/ipstatic -lib_map_path [list {modelsim=C:/Development/rebase_2/SixteenShadesOfCpu/vivado/Integration/Integration.cache/compile_simlib/modelsim} {questa=C:/Development/rebase_2/SixteenShadesOfCpu/vivado/Integration/Integration.cache/compile_simlib/questa} {riviera=C:/Development/rebase_2/SixteenShadesOfCpu/vivado/Integration/Integration.cache/compile_simlib/riviera} {activehdl=C:/Development/rebase_2/SixteenShadesOfCpu/vivado/Integration/Integration.cache/compile_simlib/activehdl}] -use_ip_compiled_libs -force -quiet
launch_simulation -simset [get_filesets debugger ]
launch_simulation -simset [get_filesets debugger ]
launch_simulation -simset [get_filesets debugger ]
source CPUSim.tcl
run 1 ms
run 1 ms
relaunch_sim
run 1 us
run 1 us
run 1 us
run 1 us
relaunch_sim
run 500 us
run 200 us
relaunch_sim
run 1 ms
relaunch_sim
run 1 ms
relaunch_sim
run 1 ms
relaunch_sim
run 1 ms
relaunch_sim
relaunch_sim
relaunch_sim
run 1 ms
relaunch_sim
report_ip_status -name ip_status 
update_module_reference [get_ips  main_clockcontroller_0_0]
generate_target all [get_files  C:/Development/rebase_2/SixteenShadesOfCpu/vivado/Integration/Integration.srcs/sources_1/bd/main/main.bd]
export_ip_user_files -of_objects [get_files C:/Development/rebase_2/SixteenShadesOfCpu/vivado/Integration/Integration.srcs/sources_1/bd/main/main.bd] -no_script -sync -force -quiet
export_simulation -of_objects [get_files C:/Development/rebase_2/SixteenShadesOfCpu/vivado/Integration/Integration.srcs/sources_1/bd/main/main.bd] -directory C:/Development/rebase_2/SixteenShadesOfCpu/vivado/Integration/Integration.ip_user_files/sim_scripts -ip_user_files_dir C:/Development/rebase_2/SixteenShadesOfCpu/vivado/Integration/Integration.ip_user_files -ipstatic_source_dir C:/Development/rebase_2/SixteenShadesOfCpu/vivado/Integration/Integration.ip_user_files/ipstatic -lib_map_path [list {modelsim=C:/Development/rebase_2/SixteenShadesOfCpu/vivado/Integration/Integration.cache/compile_simlib/modelsim} {questa=C:/Development/rebase_2/SixteenShadesOfCpu/vivado/Integration/Integration.cache/compile_simlib/questa} {riviera=C:/Development/rebase_2/SixteenShadesOfCpu/vivado/Integration/Integration.cache/compile_simlib/riviera} {activehdl=C:/Development/rebase_2/SixteenShadesOfCpu/vivado/Integration/Integration.cache/compile_simlib/activehdl}] -use_ip_compiled_libs -force -quiet
save_wave_config {C:/Development/rebase_2/SixteenShadesOfCpu/vivado/Integration/Integration.srcs/debugger/new/CPUSim_behav.wcfg}
add_files -fileset debugger -norecurse C:/Development/rebase_2/SixteenShadesOfCpu/vivado/Integration/Integration.srcs/debugger/new/CPUSim_behav.wcfg
set_property xsim.view C:/Development/rebase_2/SixteenShadesOfCpu/vivado/Integration/Integration.srcs/debugger/new/CPUSim_behav.wcfg [get_filesets debugger]
close_sim
launch_simulation -simset [get_filesets debugger ]
open_wave_config C:/Development/rebase_2/SixteenShadesOfCpu/vivado/Integration/Integration.srcs/debugger/new/CPUSim_behav.wcfg
source CPUSim.tcl
run 1 ms
close_sim
update_module_reference main_clockcontroller_0_0
reset_target all [get_files  C:/Development/rebase_2/SixteenShadesOfCpu/vivado/Integration/Integration.srcs/sources_1/bd/main/main.bd]
export_ip_user_files -of_objects  [get_files  C:/Development/rebase_2/SixteenShadesOfCpu/vivado/Integration/Integration.srcs/sources_1/bd/main/main.bd] -sync -no_script -force -quiet
generate_target all [get_files  C:/Development/rebase_2/SixteenShadesOfCpu/vivado/Integration/Integration.srcs/sources_1/bd/main/main.bd]
export_ip_user_files -of_objects [get_files C:/Development/rebase_2/SixteenShadesOfCpu/vivado/Integration/Integration.srcs/sources_1/bd/main/main.bd] -no_script -sync -force -quiet
export_simulation -of_objects [get_files C:/Development/rebase_2/SixteenShadesOfCpu/vivado/Integration/Integration.srcs/sources_1/bd/main/main.bd] -directory C:/Development/rebase_2/SixteenShadesOfCpu/vivado/Integration/Integration.ip_user_files/sim_scripts -ip_user_files_dir C:/Development/rebase_2/SixteenShadesOfCpu/vivado/Integration/Integration.ip_user_files -ipstatic_source_dir C:/Development/rebase_2/SixteenShadesOfCpu/vivado/Integration/Integration.ip_user_files/ipstatic -lib_map_path [list {modelsim=C:/Development/rebase_2/SixteenShadesOfCpu/vivado/Integration/Integration.cache/compile_simlib/modelsim} {questa=C:/Development/rebase_2/SixteenShadesOfCpu/vivado/Integration/Integration.cache/compile_simlib/questa} {riviera=C:/Development/rebase_2/SixteenShadesOfCpu/vivado/Integration/Integration.cache/compile_simlib/riviera} {activehdl=C:/Development/rebase_2/SixteenShadesOfCpu/vivado/Integration/Integration.cache/compile_simlib/activehdl}] -use_ip_compiled_libs -force -quiet
launch_simulation -simset [get_filesets debugger ]
open_wave_config C:/Development/rebase_2/SixteenShadesOfCpu/vivado/Integration/Integration.srcs/debugger/new/CPUSim_behav.wcfg
source CPUSim.tcl
run 1 ms
relaunch_sim
run 1 ms
save_wave_config {C:/Development/rebase_2/SixteenShadesOfCpu/vivado/Integration/Integration.srcs/debugger/new/CPUSim_behav.wcfg}
close_sim
reset_simulation -simset debugger -mode behavioral
launch_simulation -simset [get_filesets debugger ]
open_wave_config C:/Development/rebase_2/SixteenShadesOfCpu/vivado/Integration/Integration.srcs/debugger/new/CPUSim_behav.wcfg
source CPUSim.tcl
run 1 ms
save_wave_config {C:/Development/rebase_2/SixteenShadesOfCpu/vivado/Integration/Integration.srcs/debugger/new/CPUSim_behav.wcfg}
relaunch_sim
run 1 ms
relaunch_sim
run 1 ms
save_wave_config {C:/Development/rebase_2/SixteenShadesOfCpu/vivado/Integration/Integration.srcs/debugger/new/CPUSim_behav.wcfg}
relaunch_sim
run 1 ms
save_wave_config {C:/Development/rebase_2/SixteenShadesOfCpu/vivado/Integration/Integration.srcs/debugger/new/CPUSim_behav.wcfg}
relaunch_sim
run 1 ms
relaunch_sim
run 1 ms
relaunch_sim
run 1 ms
save_wave_config {C:/Development/rebase_2/SixteenShadesOfCpu/vivado/Integration/Integration.srcs/debugger/new/CPUSim_behav.wcfg}
relaunch_sim
relaunch_sim
run 1 ms
relaunch_sim
run 1 ms
save_wave_config {C:/Development/rebase_2/SixteenShadesOfCpu/vivado/Integration/Integration.srcs/debugger/new/CPUSim_behav.wcfg}
relaunch_sim
run 1 ms
relaunch_sim
run 1 ms
relaunch_sim
run 1 ms
save_wave_config {C:/Development/rebase_2/SixteenShadesOfCpu/vivado/Integration/Integration.srcs/debugger/new/CPUSim_behav.wcfg}
relaunch_sim
run 1 ms
relaunch_sim
run 1 ms
save_wave_config {C:/Development/rebase_2/SixteenShadesOfCpu/vivado/Integration/Integration.srcs/debugger/new/CPUSim_behav.wcfg}
relaunch_sim
run 1 ms
report_ip_status -name ip_status 
update_module_reference [get_ips  main_mmio_0_0]
generate_target all [get_files  C:/Development/rebase_2/SixteenShadesOfCpu/vivado/Integration/Integration.srcs/sources_1/bd/main/main.bd]
export_ip_user_files -of_objects [get_files C:/Development/rebase_2/SixteenShadesOfCpu/vivado/Integration/Integration.srcs/sources_1/bd/main/main.bd] -no_script -sync -force -quiet
export_simulation -of_objects [get_files C:/Development/rebase_2/SixteenShadesOfCpu/vivado/Integration/Integration.srcs/sources_1/bd/main/main.bd] -directory C:/Development/rebase_2/SixteenShadesOfCpu/vivado/Integration/Integration.ip_user_files/sim_scripts -ip_user_files_dir C:/Development/rebase_2/SixteenShadesOfCpu/vivado/Integration/Integration.ip_user_files -ipstatic_source_dir C:/Development/rebase_2/SixteenShadesOfCpu/vivado/Integration/Integration.ip_user_files/ipstatic -lib_map_path [list {modelsim=C:/Development/rebase_2/SixteenShadesOfCpu/vivado/Integration/Integration.cache/compile_simlib/modelsim} {questa=C:/Development/rebase_2/SixteenShadesOfCpu/vivado/Integration/Integration.cache/compile_simlib/questa} {riviera=C:/Development/rebase_2/SixteenShadesOfCpu/vivado/Integration/Integration.cache/compile_simlib/riviera} {activehdl=C:/Development/rebase_2/SixteenShadesOfCpu/vivado/Integration/Integration.cache/compile_simlib/activehdl}] -use_ip_compiled_libs -force -quiet
reset_run synth_1
launch_runs impl_1 -jobs 12
wait_on_run impl_1
close_sim
close_bd_design [get_bd_designs main]
open_bd_design {C:/Development/rebase_2/SixteenShadesOfCpu/vivado/Integration/Integration.srcs/sources_1/bd/main/main.bd}
report_ip_status -name ip_status 
update_module_reference [get_ips  main_Debugger_0_0]
generate_target all [get_files  C:/Development/rebase_2/SixteenShadesOfCpu/vivado/Integration/Integration.srcs/sources_1/bd/main/main.bd]
export_ip_user_files -of_objects [get_files C:/Development/rebase_2/SixteenShadesOfCpu/vivado/Integration/Integration.srcs/sources_1/bd/main/main.bd] -no_script -sync -force -quiet
export_simulation -of_objects [get_files C:/Development/rebase_2/SixteenShadesOfCpu/vivado/Integration/Integration.srcs/sources_1/bd/main/main.bd] -directory C:/Development/rebase_2/SixteenShadesOfCpu/vivado/Integration/Integration.ip_user_files/sim_scripts -ip_user_files_dir C:/Development/rebase_2/SixteenShadesOfCpu/vivado/Integration/Integration.ip_user_files -ipstatic_source_dir C:/Development/rebase_2/SixteenShadesOfCpu/vivado/Integration/Integration.ip_user_files/ipstatic -lib_map_path [list {modelsim=C:/Development/rebase_2/SixteenShadesOfCpu/vivado/Integration/Integration.cache/compile_simlib/modelsim} {questa=C:/Development/rebase_2/SixteenShadesOfCpu/vivado/Integration/Integration.cache/compile_simlib/questa} {riviera=C:/Development/rebase_2/SixteenShadesOfCpu/vivado/Integration/Integration.cache/compile_simlib/riviera} {activehdl=C:/Development/rebase_2/SixteenShadesOfCpu/vivado/Integration/Integration.cache/compile_simlib/activehdl}] -use_ip_compiled_libs -force -quiet
close_bd_design [get_bd_designs main]
report_ip_status -name ip_status 
reset_run synth_1
launch_runs impl_1 -jobs 12
wait_on_run impl_1
reset_run synth_1
launch_simulation -simset [get_filesets debugger ]
open_wave_config C:/Development/rebase_2/SixteenShadesOfCpu/vivado/Integration/Integration.srcs/debugger/new/CPUSim_behav.wcfg
source CPUSim.tcl
run 1 ms
close_sim
launch_runs impl_1 -jobs 12
wait_on_run impl_1
launch_runs impl_1 -to_step write_bitstream -jobs 12
wait_on_run impl_1
open_hw_manager
connect_hw_server -allow_non_jtag
open_hw_target
current_hw_device [get_hw_devices xc7a35t_0]
refresh_hw_device -update_hw_probes false [lindex [get_hw_devices xc7a35t_0] 0]
create_hw_cfgmem -hw_device [get_hw_devices xc7a35t_0] -mem_dev [lindex [get_cfgmem_parts {s25fl128sxxxxxx0-spi-x1_x2_x4}] 0]
set_property PROGRAM.ADDRESS_RANGE  {use_file} [ get_property PROGRAM.HW_CFGMEM [lindex [get_hw_devices xc7a35t_0] 0]]
set_property PROGRAM.FILES [list "C:/Development/rebase_2/SixteenShadesOfCpu/vivado/Integration/Integration.runs/impl_1/main_wrapper.bin" ] [ get_property PROGRAM.HW_CFGMEM [lindex [get_hw_devices xc7a35t_0] 0]]
set_property PROGRAM.PRM_FILE {} [ get_property PROGRAM.HW_CFGMEM [lindex [get_hw_devices xc7a35t_0] 0]]
set_property PROGRAM.UNUSED_PIN_TERMINATION {pull-none} [ get_property PROGRAM.HW_CFGMEM [lindex [get_hw_devices xc7a35t_0] 0]]
set_property PROGRAM.BLANK_CHECK  0 [ get_property PROGRAM.HW_CFGMEM [lindex [get_hw_devices xc7a35t_0] 0]]
set_property PROGRAM.ERASE  1 [ get_property PROGRAM.HW_CFGMEM [lindex [get_hw_devices xc7a35t_0] 0]]
set_property PROGRAM.CFG_PROGRAM  1 [ get_property PROGRAM.HW_CFGMEM [lindex [get_hw_devices xc7a35t_0] 0]]
set_property PROGRAM.VERIFY  1 [ get_property PROGRAM.HW_CFGMEM [lindex [get_hw_devices xc7a35t_0] 0]]
set_property PROGRAM.CHECKSUM  0 [ get_property PROGRAM.HW_CFGMEM [lindex [get_hw_devices xc7a35t_0] 0]]
startgroup 
create_hw_bitstream -hw_device [lindex [get_hw_devices xc7a35t_0] 0] [get_property PROGRAM.HW_CFGMEM_BITFILE [ lindex [get_hw_devices xc7a35t_0] 0]]; program_hw_devices [lindex [get_hw_devices xc7a35t_0] 0]; refresh_hw_device [lindex [get_hw_devices xc7a35t_0] 0];
program_hw_cfgmem -hw_cfgmem [ get_property PROGRAM.HW_CFGMEM [lindex [get_hw_devices xc7a35t_0] 0]]
endgroup
close_hw_manager
launch_simulation -simset [get_filesets debugger ]
open_wave_config C:/Development/rebase_2/SixteenShadesOfCpu/vivado/Integration/Integration.srcs/debugger/new/CPUSim_behav.wcfg
source CPUSim.tcl
run 1 ms
close_sim
