#-----------------------------------------------------------
# Vivado v2024.1 (64-bit)
# SW Build 5076996 on Wed May 22 18:37:14 MDT 2024
# IP Build 5075265 on Wed May 22 21:45:21 MDT 2024
# SharedData Build 5076995 on Wed May 22 18:29:18 MDT 2024
# Start of session at: Fri Nov 22 16:09:20 2024
# Process ID: 26400
# Current directory: C:/Development/SixteenShadesOfCpu/vivado/Integration
# Command line: vivado.exe -gui_launcher_event rodinguilauncherevent27780 C:\Development\SixteenShadesOfCpu\vivado\Integration\Integration.xpr
# Log file: C:/Development/SixteenShadesOfCpu/vivado/Integration/vivado.log
# Journal file: C:/Development/SixteenShadesOfCpu/vivado/Integration\vivado.jou
# Running On        :BOOK-69BD3QPCMV
# Platform          :Windows Server 2016 or Windows 10
# Operating System  :22631
# Processor Detail  :Intel(R) Core(TM) Ultra 5 125H
# CPU Frequency     :2995 MHz
# CPU Physical cores:14
# CPU Logical cores :18
# Host memory       :16739 MB
# Swap memory       :6710 MB
# Total Virtual     :23450 MB
# Available Virtual :4661 MB
#-----------------------------------------------------------
start_gui
open_project C:/Development/SixteenShadesOfCpu/vivado/Integration/Integration.xpr
update_compile_order -fileset sources_1
open_bd_design {C:/Development/SixteenShadesOfCpu/vivado/Integration/Integration.srcs/sources_1/bd/main/main.bd}
delete_bd_objs [get_bd_nets debug_clk_1]
delete_bd_objs [get_bd_ports debug_clk]
delete_bd_objs [get_bd_nets Debugger_0_mmu_debug_sync_clk100mhz]
connect_bd_net [get_bd_pins Debugger_0/mmu_debug_sync_clk100mhz] [get_bd_pins mmu_0/debug_clk]
delete_bd_objs [get_bd_nets external_mmu_sync_clk_1] [get_bd_ports external_mmu_sync_clk]
save_bd_design
report_ip_status -name ip_status 
update_module_reference [get_ips  main_Debugger_0_0]
generate_target all [get_files  C:/Development/SixteenShadesOfCpu/vivado/Integration/Integration.srcs/sources_1/bd/main/main.bd]
export_ip_user_files -of_objects [get_files C:/Development/SixteenShadesOfCpu/vivado/Integration/Integration.srcs/sources_1/bd/main/main.bd] -no_script -sync -force -quiet
export_simulation -of_objects [get_files C:/Development/SixteenShadesOfCpu/vivado/Integration/Integration.srcs/sources_1/bd/main/main.bd] -directory C:/Development/SixteenShadesOfCpu/vivado/Integration/Integration.ip_user_files/sim_scripts -ip_user_files_dir C:/Development/SixteenShadesOfCpu/vivado/Integration/Integration.ip_user_files -ipstatic_source_dir C:/Development/SixteenShadesOfCpu/vivado/Integration/Integration.ip_user_files/ipstatic -lib_map_path [list {modelsim=C:/Development/SixteenShadesOfCpu/vivado/Integration/Integration.cache/compile_simlib/modelsim} {questa=C:/Development/SixteenShadesOfCpu/vivado/Integration/Integration.cache/compile_simlib/questa} {riviera=C:/Development/SixteenShadesOfCpu/vivado/Integration/Integration.cache/compile_simlib/riviera} {activehdl=C:/Development/SixteenShadesOfCpu/vivado/Integration/Integration.cache/compile_simlib/activehdl}] -use_ip_compiled_libs -force -quiet
reset_run synth_1
launch_runs synth_1 -jobs 18
wait_on_run synth_1
open_run synth_1 -name synth_1
launch_runs impl_1 -jobs 18
wait_on_run impl_1
open_bd_design {C:/Development/SixteenShadesOfCpu/vivado/Integration/Integration.srcs/sources_1/bd/main/main.bd}
close_bd_design [get_bd_designs main]
close_design
open_run impl_1
